
> parent-admin@0.1.0 build
> next build

??Next.js 16.1.1 (Turbopack)
- Environments: .env.local, .env.production

  Creating an optimized production build ...
??Compiled successfully in 52s
  Running TypeScript ...
  Collecting page data using 7 workers ...
  Generating static pages using 7 workers (0/5) ...
  Generating static pages using 7 workers (1/5) 
  Generating static pages using 7 workers (2/5) 
  Generating static pages using 7 workers (3/5) 
??Generating static pages using 7 workers (5/5) in 694.6ms
  Finalizing page optimization ...

Route (app)
????/
????/_not-found
????/class-status
????/notifications


?? (Static)  prerendered as static content

